// Jest Snapshot v1, https://goo.gl/fbAQLP

exports[`ModalResume component Is exists 1`] = `
<ModalResume
  isPlaying={false}
  player={
    Player {
      "action": Object {
        " ": [Function],
        "ArrowDown": [Function],
        "ArrowLeft": [Function],
        "ArrowRight": [Function],
        "ArrowUp": [Function],
      },
      "addSheet": [Function],
      "addSheetFunc": [Function],
      "admin": true,
      "block": null,
      "blockCPY": [Function],
      "canPose": [Function],
      "cantPose": false,
      "changePlaying": [Function],
      "copyBlock": [Function],
      "createIntervalGame": [Function],
      "currentMapGame": Array [
        Array [
          0,
          0,
          0,
          0,
          0,
          0,
          0,
          0,
          0,
          0,
        ],
        Array [
          0,
          0,
          0,
          0,
          0,
          0,
          0,
          0,
          0,
          0,
        ],
        Array [
          0,
          0,
          0,
          0,
          0,
          0,
          0,
          0,
          0,
          0,
        ],
        Array [
          0,
          0,
          0,
          0,
          0,
          0,
          0,
          0,
          0,
          0,
        ],
        Array [
          0,
          0,
          0,
          0,
          0,
          0,
          0,
          0,
          0,
          0,
        ],
        Array [
          0,
          0,
          0,
          0,
          0,
          0,
          0,
          0,
          0,
          0,
        ],
        Array [
          0,
          0,
          0,
          0,
          0,
          0,
          0,
          0,
          0,
          0,
        ],
        Array [
          0,
          0,
          0,
          0,
          0,
          0,
          0,
          0,
          0,
          0,
        ],
        Array [
          0,
          0,
          0,
          0,
          0,
          0,
          0,
          0,
          0,
          0,
        ],
        Array [
          0,
          0,
          0,
          0,
          0,
          0,
          0,
          0,
          0,
          0,
        ],
        Array [
          0,
          0,
          0,
          0,
          0,
          0,
          0,
          0,
          0,
          0,
        ],
        Array [
          0,
          0,
          0,
          0,
          0,
          0,
          0,
          0,
          0,
          0,
        ],
        Array [
          0,
          0,
          0,
          0,
          0,
          0,
          0,
          0,
          0,
          0,
        ],
        Array [
          0,
          0,
          0,
          0,
          0,
          0,
          0,
          0,
          0,
          0,
        ],
        Array [
          0,
          0,
          0,
          0,
          0,
          0,
          0,
          0,
          0,
          0,
        ],
        Array [
          0,
          0,
          0,
          0,
          0,
          0,
          0,
          0,
          0,
          0,
        ],
        Array [
          0,
          0,
          0,
          0,
          0,
          0,
          0,
          0,
          0,
          0,
        ],
        Array [
          0,
          0,
          0,
          0,
          0,
          0,
          0,
          0,
          0,
          0,
        ],
        Array [
          0,
          0,
          0,
          0,
          0,
          0,
          0,
          0,
          0,
          0,
        ],
        Array [
          0,
          0,
          0,
          0,
          0,
          0,
          0,
          0,
          0,
          0,
        ],
      ],
      "destroyFunc": [Function],
      "destroyLine": [Function],
      "down": [Function],
      "draw": [Function],
      "end": false,
      "fallen": [Function],
      "indestructible": 0,
      "initActionObject": [Function],
      "initGame": [Function],
      "interval": 1000,
      "isPlaying": false,
      "left": [Function],
      "lock": true,
      "lrs": Array [
        Array [
          0,
          -1,
        ],
        Array [
          1,
          0,
        ],
      ],
      "makeShadow": [Function],
      "move": [Function],
      "name": "owalid1",
      "nextMapGame": Array [
        Array [
          0,
          0,
          0,
          0,
          0,
          0,
          0,
          0,
          0,
          0,
        ],
        Array [
          0,
          0,
          0,
          0,
          0,
          0,
          0,
          0,
          0,
          0,
        ],
        Array [
          0,
          0,
          0,
          0,
          0,
          0,
          0,
          0,
          0,
          0,
        ],
        Array [
          0,
          0,
          0,
          0,
          0,
          0,
          0,
          0,
          0,
          0,
        ],
        Array [
          0,
          0,
          0,
          0,
          0,
          0,
          0,
          0,
          0,
          0,
        ],
        Array [
          0,
          0,
          0,
          0,
          0,
          0,
          0,
          0,
          0,
          0,
        ],
        Array [
          0,
          0,
          0,
          0,
          0,
          0,
          0,
          0,
          0,
          0,
        ],
        Array [
          0,
          0,
          0,
          0,
          0,
          0,
          0,
          0,
          0,
          0,
        ],
        Array [
          0,
          0,
          0,
          0,
          0,
          0,
          0,
          0,
          0,
          0,
        ],
        Array [
          0,
          0,
          0,
          0,
          0,
          0,
          0,
          0,
          0,
          0,
        ],
        Array [
          0,
          0,
          0,
          0,
          0,
          0,
          0,
          0,
          0,
          0,
        ],
        Array [
          0,
          0,
          0,
          0,
          0,
          0,
          0,
          0,
          0,
          0,
        ],
        Array [
          0,
          0,
          0,
          0,
          0,
          0,
          0,
          0,
          0,
          0,
        ],
        Array [
          0,
          0,
          0,
          0,
          0,
          0,
          0,
          0,
          0,
          0,
        ],
        Array [
          0,
          0,
          0,
          0,
          0,
          0,
          0,
          0,
          0,
          0,
        ],
        Array [
          0,
          0,
          0,
          0,
          0,
          0,
          0,
          0,
          0,
          0,
        ],
        Array [
          0,
          0,
          0,
          0,
          0,
          0,
          0,
          0,
          0,
          0,
        ],
        Array [
          0,
          0,
          0,
          0,
          0,
          0,
          0,
          0,
          0,
          0,
        ],
        Array [
          0,
          0,
          0,
          0,
          0,
          0,
          0,
          0,
          0,
          0,
        ],
        Array [
          0,
          0,
          0,
          0,
          0,
          0,
          0,
          0,
          0,
          0,
        ],
      ],
      "pushSheet": [Function],
      "requestNewGame": false,
      "retro": [Function],
      "right": [Function],
      "rotate": [Function],
      "rotateL": [Function],
      "rotateR": [Function],
      "score": 0,
      "sendMap": [Function],
      "setMoose": [Function],
      "setRequestNewGame": [Function],
      "setVisitor": [Function],
      "shadow": null,
      "sheets": Array [],
      "space": [Function],
      "srs": Array [
        Array [
          0,
          1,
        ],
        Array [
          -1,
          0,
        ],
      ],
      "startGame": [Function],
      "time": 1000,
      "timing": 1000,
      "updateRoomFunction": [Function],
      "uuid": "26ca3915-7c5f-423e-a605-83f61e281198",
      "verifLine": [Function],
      "visitor": false,
      "wash": [Function],
      "willBePosed": [Function],
    }
  }
  setSong={[Function]}
  song={false}
  uuidRoom="5f64d170-87bf-4094-9363-22eb743a0ac7"
/>
`;
