// Jest Snapshot v1, https://goo.gl/fbAQLP

exports[`VisitorView component Is exists 1`] = `
<VisitorView
  boxProps={
    Object {
      "bgcolor": "background.paper",
      "border": 1,
      "bordercolor": "text.primary",
      "borderradius": "borderRadius",
      "m": 1,
      "style": Object {
        "backgroundColor": "white",
        "height": "100%",
        "width": "100%",
      },
    }
  }
  currentRoom={
    Room {
      "addMessage": [Function],
      "addPlayer": [Function],
      "addSheet": [Function],
      "arrPlayer": Array [],
      "block": Block {
        "blocks": Array [
          [Function],
          [Function],
          [Function],
          [Function],
          [Function],
          [Function],
          [Function],
        ],
        "newBlock": [Function],
      },
      "changeIsPlaying": [Function],
      "changeVisitorMode": [Function],
      "channel": "83b9c7a4-158d-45e7-8960-8fa3951f9d19",
      "countPlayer": [Function],
      "destroyer": [Function],
      "finalScore": Array [],
      "getPlayers": [Function],
      "isPlaying": false,
      "isStart": false,
      "messages": Array [
        Object {
          "content": "owalid1 à rejoint la room",
          "login": null,
          "time": "22:26",
          "uuidUser": -1,
        },
      ],
      "onKey": [Function],
      "playerEnd": [Function],
      "players": Object {
        "08ec118f-919f-4a43-a801-d37e58cabaa9": Player {
          "action": Object {
            " ": [Function],
            "ArrowDown": [Function],
            "ArrowLeft": [Function],
            "ArrowRight": [Function],
            "ArrowUp": [Function],
          },
          "addSheet": [Function],
          "addSheetFunc": [Function],
          "admin": true,
          "block": null,
          "blockCPY": [Function],
          "canPose": [Function],
          "cantPose": false,
          "changePlaying": [Function],
          "copyBlock": [Function],
          "createIntervalGame": [Function],
          "currentMapGame": Array [
            Array [
              0,
              0,
              0,
              0,
              0,
              0,
              0,
              0,
              0,
              0,
            ],
            Array [
              0,
              0,
              0,
              0,
              0,
              0,
              0,
              0,
              0,
              0,
            ],
            Array [
              0,
              0,
              0,
              0,
              0,
              0,
              0,
              0,
              0,
              0,
            ],
            Array [
              0,
              0,
              0,
              0,
              0,
              0,
              0,
              0,
              0,
              0,
            ],
            Array [
              0,
              0,
              0,
              0,
              0,
              0,
              0,
              0,
              0,
              0,
            ],
            Array [
              0,
              0,
              0,
              0,
              0,
              0,
              0,
              0,
              0,
              0,
            ],
            Array [
              0,
              0,
              0,
              0,
              0,
              0,
              0,
              0,
              0,
              0,
            ],
            Array [
              0,
              0,
              0,
              0,
              0,
              0,
              0,
              0,
              0,
              0,
            ],
            Array [
              0,
              0,
              0,
              0,
              0,
              0,
              0,
              0,
              0,
              0,
            ],
            Array [
              0,
              0,
              0,
              0,
              0,
              0,
              0,
              0,
              0,
              0,
            ],
            Array [
              0,
              0,
              0,
              0,
              0,
              0,
              0,
              0,
              0,
              0,
            ],
            Array [
              0,
              0,
              0,
              0,
              0,
              0,
              0,
              0,
              0,
              0,
            ],
            Array [
              0,
              0,
              0,
              0,
              0,
              0,
              0,
              0,
              0,
              0,
            ],
            Array [
              0,
              0,
              0,
              0,
              0,
              0,
              0,
              0,
              0,
              0,
            ],
            Array [
              0,
              0,
              0,
              0,
              0,
              0,
              0,
              0,
              0,
              0,
            ],
            Array [
              0,
              0,
              0,
              0,
              0,
              0,
              0,
              0,
              0,
              0,
            ],
            Array [
              0,
              0,
              0,
              0,
              0,
              0,
              0,
              0,
              0,
              0,
            ],
            Array [
              0,
              0,
              0,
              0,
              0,
              0,
              0,
              0,
              0,
              0,
            ],
            Array [
              0,
              0,
              0,
              0,
              0,
              0,
              0,
              0,
              0,
              0,
            ],
            Array [
              0,
              0,
              0,
              0,
              0,
              0,
              0,
              0,
              0,
              0,
            ],
          ],
          "destroyFunc": [Function],
          "destroyLine": [Function],
          "down": [Function],
          "draw": [Function],
          "end": false,
          "fallen": [Function],
          "indestructible": 0,
          "initActionObject": [Function],
          "initGame": [Function],
          "interval": 1000,
          "isPlaying": false,
          "left": [Function],
          "lock": true,
          "lrs": Array [
            Array [
              0,
              -1,
            ],
            Array [
              1,
              0,
            ],
          ],
          "makeShadow": [Function],
          "move": [Function],
          "name": "owalid1",
          "nextMapGame": Array [
            Array [
              0,
              0,
              0,
              0,
              0,
              0,
              0,
              0,
              0,
              0,
            ],
            Array [
              0,
              0,
              0,
              0,
              0,
              0,
              0,
              0,
              0,
              0,
            ],
            Array [
              0,
              0,
              0,
              0,
              0,
              0,
              0,
              0,
              0,
              0,
            ],
            Array [
              0,
              0,
              0,
              0,
              0,
              0,
              0,
              0,
              0,
              0,
            ],
            Array [
              0,
              0,
              0,
              0,
              0,
              0,
              0,
              0,
              0,
              0,
            ],
            Array [
              0,
              0,
              0,
              0,
              0,
              0,
              0,
              0,
              0,
              0,
            ],
            Array [
              0,
              0,
              0,
              0,
              0,
              0,
              0,
              0,
              0,
              0,
            ],
            Array [
              0,
              0,
              0,
              0,
              0,
              0,
              0,
              0,
              0,
              0,
            ],
            Array [
              0,
              0,
              0,
              0,
              0,
              0,
              0,
              0,
              0,
              0,
            ],
            Array [
              0,
              0,
              0,
              0,
              0,
              0,
              0,
              0,
              0,
              0,
            ],
            Array [
              0,
              0,
              0,
              0,
              0,
              0,
              0,
              0,
              0,
              0,
            ],
            Array [
              0,
              0,
              0,
              0,
              0,
              0,
              0,
              0,
              0,
              0,
            ],
            Array [
              0,
              0,
              0,
              0,
              0,
              0,
              0,
              0,
              0,
              0,
            ],
            Array [
              0,
              0,
              0,
              0,
              0,
              0,
              0,
              0,
              0,
              0,
            ],
            Array [
              0,
              0,
              0,
              0,
              0,
              0,
              0,
              0,
              0,
              0,
            ],
            Array [
              0,
              0,
              0,
              0,
              0,
              0,
              0,
              0,
              0,
              0,
            ],
            Array [
              0,
              0,
              0,
              0,
              0,
              0,
              0,
              0,
              0,
              0,
            ],
            Array [
              0,
              0,
              0,
              0,
              0,
              0,
              0,
              0,
              0,
              0,
            ],
            Array [
              0,
              0,
              0,
              0,
              0,
              0,
              0,
              0,
              0,
              0,
            ],
            Array [
              0,
              0,
              0,
              0,
              0,
              0,
              0,
              0,
              0,
              0,
            ],
          ],
          "pushSheet": [Function],
          "requestNewGame": false,
          "retro": [Function],
          "right": [Function],
          "rotate": [Function],
          "rotateL": [Function],
          "rotateR": [Function],
          "score": 0,
          "sendMap": [Function],
          "setMoose": [Function],
          "setRequestNewGame": [Function],
          "setVisitor": [Function],
          "shadow": null,
          "sheets": Array [],
          "space": [Function],
          "srs": Array [
            Array [
              0,
              1,
            ],
            Array [
              -1,
              0,
            ],
          ],
          "startGame": [Function],
          "time": 1000,
          "timing": 1000,
          "updateRoomFunction": [Function],
          "uuid": "08ec118f-919f-4a43-a801-d37e58cabaa9",
          "verifLine": [Function],
          "visitor": false,
          "wash": [Function],
          "willBePosed": [Function],
        },
        "2f119f59-673e-48f4-be4d-fe8e69068bda": Player {
          "action": Object {
            " ": [Function],
            "ArrowDown": [Function],
            "ArrowLeft": [Function],
            "ArrowRight": [Function],
            "ArrowUp": [Function],
          },
          "addSheet": [Function],
          "addSheetFunc": [Function],
          "admin": true,
          "block": null,
          "blockCPY": [Function],
          "canPose": [Function],
          "cantPose": false,
          "changePlaying": [Function],
          "copyBlock": [Function],
          "createIntervalGame": [Function],
          "currentMapGame": Array [
            Array [
              0,
              0,
              0,
              0,
              0,
              0,
              0,
              0,
              0,
              0,
            ],
            Array [
              0,
              0,
              0,
              0,
              0,
              0,
              0,
              0,
              0,
              0,
            ],
            Array [
              0,
              0,
              0,
              0,
              0,
              0,
              0,
              0,
              0,
              0,
            ],
            Array [
              0,
              0,
              0,
              0,
              0,
              0,
              0,
              0,
              0,
              0,
            ],
            Array [
              0,
              0,
              0,
              0,
              0,
              0,
              0,
              0,
              0,
              0,
            ],
            Array [
              0,
              0,
              0,
              0,
              0,
              0,
              0,
              0,
              0,
              0,
            ],
            Array [
              0,
              0,
              0,
              0,
              0,
              0,
              0,
              0,
              0,
              0,
            ],
            Array [
              0,
              0,
              0,
              0,
              0,
              0,
              0,
              0,
              0,
              0,
            ],
            Array [
              0,
              0,
              0,
              0,
              0,
              0,
              0,
              0,
              0,
              0,
            ],
            Array [
              0,
              0,
              0,
              0,
              0,
              0,
              0,
              0,
              0,
              0,
            ],
            Array [
              0,
              0,
              0,
              0,
              0,
              0,
              0,
              0,
              0,
              0,
            ],
            Array [
              0,
              0,
              0,
              0,
              0,
              0,
              0,
              0,
              0,
              0,
            ],
            Array [
              0,
              0,
              0,
              0,
              0,
              0,
              0,
              0,
              0,
              0,
            ],
            Array [
              0,
              0,
              0,
              0,
              0,
              0,
              0,
              0,
              0,
              0,
            ],
            Array [
              0,
              0,
              0,
              0,
              0,
              0,
              0,
              0,
              0,
              0,
            ],
            Array [
              0,
              0,
              0,
              0,
              0,
              0,
              0,
              0,
              0,
              0,
            ],
            Array [
              0,
              0,
              0,
              0,
              0,
              0,
              0,
              0,
              0,
              0,
            ],
            Array [
              0,
              0,
              0,
              0,
              0,
              0,
              0,
              0,
              0,
              0,
            ],
            Array [
              0,
              0,
              0,
              0,
              0,
              0,
              0,
              0,
              0,
              0,
            ],
            Array [
              0,
              0,
              0,
              0,
              0,
              0,
              0,
              0,
              0,
              0,
            ],
          ],
          "destroyFunc": [Function],
          "destroyLine": [Function],
          "down": [Function],
          "draw": [Function],
          "end": false,
          "fallen": [Function],
          "indestructible": 0,
          "initActionObject": [Function],
          "initGame": [Function],
          "interval": 1000,
          "isPlaying": false,
          "left": [Function],
          "lock": true,
          "lrs": Array [
            Array [
              0,
              -1,
            ],
            Array [
              1,
              0,
            ],
          ],
          "makeShadow": [Function],
          "move": [Function],
          "name": "owalid_visitor",
          "nextMapGame": Array [
            Array [
              0,
              0,
              0,
              0,
              0,
              0,
              0,
              0,
              0,
              0,
            ],
            Array [
              0,
              0,
              0,
              0,
              0,
              0,
              0,
              0,
              0,
              0,
            ],
            Array [
              0,
              0,
              0,
              0,
              0,
              0,
              0,
              0,
              0,
              0,
            ],
            Array [
              0,
              0,
              0,
              0,
              0,
              0,
              0,
              0,
              0,
              0,
            ],
            Array [
              0,
              0,
              0,
              0,
              0,
              0,
              0,
              0,
              0,
              0,
            ],
            Array [
              0,
              0,
              0,
              0,
              0,
              0,
              0,
              0,
              0,
              0,
            ],
            Array [
              0,
              0,
              0,
              0,
              0,
              0,
              0,
              0,
              0,
              0,
            ],
            Array [
              0,
              0,
              0,
              0,
              0,
              0,
              0,
              0,
              0,
              0,
            ],
            Array [
              0,
              0,
              0,
              0,
              0,
              0,
              0,
              0,
              0,
              0,
            ],
            Array [
              0,
              0,
              0,
              0,
              0,
              0,
              0,
              0,
              0,
              0,
            ],
            Array [
              0,
              0,
              0,
              0,
              0,
              0,
              0,
              0,
              0,
              0,
            ],
            Array [
              0,
              0,
              0,
              0,
              0,
              0,
              0,
              0,
              0,
              0,
            ],
            Array [
              0,
              0,
              0,
              0,
              0,
              0,
              0,
              0,
              0,
              0,
            ],
            Array [
              0,
              0,
              0,
              0,
              0,
              0,
              0,
              0,
              0,
              0,
            ],
            Array [
              0,
              0,
              0,
              0,
              0,
              0,
              0,
              0,
              0,
              0,
            ],
            Array [
              0,
              0,
              0,
              0,
              0,
              0,
              0,
              0,
              0,
              0,
            ],
            Array [
              0,
              0,
              0,
              0,
              0,
              0,
              0,
              0,
              0,
              0,
            ],
            Array [
              0,
              0,
              0,
              0,
              0,
              0,
              0,
              0,
              0,
              0,
            ],
            Array [
              0,
              0,
              0,
              0,
              0,
              0,
              0,
              0,
              0,
              0,
            ],
            Array [
              0,
              0,
              0,
              0,
              0,
              0,
              0,
              0,
              0,
              0,
            ],
          ],
          "pushSheet": [Function],
          "requestNewGame": false,
          "retro": [Function],
          "right": [Function],
          "rotate": [Function],
          "rotateL": [Function],
          "rotateR": [Function],
          "score": 0,
          "sendMap": [Function],
          "setMoose": [Function],
          "setRequestNewGame": [Function],
          "setVisitor": [Function],
          "shadow": null,
          "sheets": Array [],
          "space": [Function],
          "srs": Array [
            Array [
              0,
              1,
            ],
            Array [
              -1,
              0,
            ],
          ],
          "startGame": [Function],
          "time": 1000,
          "timing": 1000,
          "updateRoomFunction": [Function],
          "uuid": "2f119f59-673e-48f4-be4d-fe8e69068bda",
          "verifLine": [Function],
          "visitor": false,
          "wash": [Function],
          "willBePosed": [Function],
        },
      },
      "reGame": [Function],
      "removePlayer": [Function],
      "solo": false,
      "startGame": [Function],
      "visitorEnd": [Function],
    }
  }
  isAlone={false}
  isEnd={false}
  mapsGamePreview={
    Array [
      Player {
        "action": Object {
          " ": [Function],
          "ArrowDown": [Function],
          "ArrowLeft": [Function],
          "ArrowRight": [Function],
          "ArrowUp": [Function],
        },
        "addSheet": [Function],
        "addSheetFunc": [Function],
        "admin": true,
        "block": null,
        "blockCPY": [Function],
        "canPose": [Function],
        "cantPose": false,
        "changePlaying": [Function],
        "copyBlock": [Function],
        "createIntervalGame": [Function],
        "currentMapGame": Array [
          Array [
            0,
            0,
            0,
            0,
            0,
            0,
            0,
            0,
            0,
            0,
          ],
          Array [
            0,
            0,
            0,
            0,
            0,
            0,
            0,
            0,
            0,
            0,
          ],
          Array [
            0,
            0,
            0,
            0,
            0,
            0,
            0,
            0,
            0,
            0,
          ],
          Array [
            0,
            0,
            0,
            0,
            0,
            0,
            0,
            0,
            0,
            0,
          ],
          Array [
            0,
            0,
            0,
            0,
            0,
            0,
            0,
            0,
            0,
            0,
          ],
          Array [
            0,
            0,
            0,
            0,
            0,
            0,
            0,
            0,
            0,
            0,
          ],
          Array [
            0,
            0,
            0,
            0,
            0,
            0,
            0,
            0,
            0,
            0,
          ],
          Array [
            0,
            0,
            0,
            0,
            0,
            0,
            0,
            0,
            0,
            0,
          ],
          Array [
            0,
            0,
            0,
            0,
            0,
            0,
            0,
            0,
            0,
            0,
          ],
          Array [
            0,
            0,
            0,
            0,
            0,
            0,
            0,
            0,
            0,
            0,
          ],
          Array [
            0,
            0,
            0,
            0,
            0,
            0,
            0,
            0,
            0,
            0,
          ],
          Array [
            0,
            0,
            0,
            0,
            0,
            0,
            0,
            0,
            0,
            0,
          ],
          Array [
            0,
            0,
            0,
            0,
            0,
            0,
            0,
            0,
            0,
            0,
          ],
          Array [
            0,
            0,
            0,
            0,
            0,
            0,
            0,
            0,
            0,
            0,
          ],
          Array [
            0,
            0,
            0,
            0,
            0,
            0,
            0,
            0,
            0,
            0,
          ],
          Array [
            0,
            0,
            0,
            0,
            0,
            0,
            0,
            0,
            0,
            0,
          ],
          Array [
            0,
            0,
            0,
            0,
            0,
            0,
            0,
            0,
            0,
            0,
          ],
          Array [
            0,
            0,
            0,
            0,
            0,
            0,
            0,
            0,
            0,
            0,
          ],
          Array [
            0,
            0,
            0,
            0,
            0,
            0,
            0,
            0,
            0,
            0,
          ],
          Array [
            0,
            0,
            0,
            0,
            0,
            0,
            0,
            0,
            0,
            0,
          ],
        ],
        "destroyFunc": [Function],
        "destroyLine": [Function],
        "down": [Function],
        "draw": [Function],
        "end": false,
        "fallen": [Function],
        "indestructible": 0,
        "initActionObject": [Function],
        "initGame": [Function],
        "interval": 1000,
        "isPlaying": false,
        "left": [Function],
        "lock": true,
        "lrs": Array [
          Array [
            0,
            -1,
          ],
          Array [
            1,
            0,
          ],
        ],
        "makeShadow": [Function],
        "move": [Function],
        "name": "owalid_visitor",
        "nextMapGame": Array [
          Array [
            0,
            0,
            0,
            0,
            0,
            0,
            0,
            0,
            0,
            0,
          ],
          Array [
            0,
            0,
            0,
            0,
            0,
            0,
            0,
            0,
            0,
            0,
          ],
          Array [
            0,
            0,
            0,
            0,
            0,
            0,
            0,
            0,
            0,
            0,
          ],
          Array [
            0,
            0,
            0,
            0,
            0,
            0,
            0,
            0,
            0,
            0,
          ],
          Array [
            0,
            0,
            0,
            0,
            0,
            0,
            0,
            0,
            0,
            0,
          ],
          Array [
            0,
            0,
            0,
            0,
            0,
            0,
            0,
            0,
            0,
            0,
          ],
          Array [
            0,
            0,
            0,
            0,
            0,
            0,
            0,
            0,
            0,
            0,
          ],
          Array [
            0,
            0,
            0,
            0,
            0,
            0,
            0,
            0,
            0,
            0,
          ],
          Array [
            0,
            0,
            0,
            0,
            0,
            0,
            0,
            0,
            0,
            0,
          ],
          Array [
            0,
            0,
            0,
            0,
            0,
            0,
            0,
            0,
            0,
            0,
          ],
          Array [
            0,
            0,
            0,
            0,
            0,
            0,
            0,
            0,
            0,
            0,
          ],
          Array [
            0,
            0,
            0,
            0,
            0,
            0,
            0,
            0,
            0,
            0,
          ],
          Array [
            0,
            0,
            0,
            0,
            0,
            0,
            0,
            0,
            0,
            0,
          ],
          Array [
            0,
            0,
            0,
            0,
            0,
            0,
            0,
            0,
            0,
            0,
          ],
          Array [
            0,
            0,
            0,
            0,
            0,
            0,
            0,
            0,
            0,
            0,
          ],
          Array [
            0,
            0,
            0,
            0,
            0,
            0,
            0,
            0,
            0,
            0,
          ],
          Array [
            0,
            0,
            0,
            0,
            0,
            0,
            0,
            0,
            0,
            0,
          ],
          Array [
            0,
            0,
            0,
            0,
            0,
            0,
            0,
            0,
            0,
            0,
          ],
          Array [
            0,
            0,
            0,
            0,
            0,
            0,
            0,
            0,
            0,
            0,
          ],
          Array [
            0,
            0,
            0,
            0,
            0,
            0,
            0,
            0,
            0,
            0,
          ],
        ],
        "pushSheet": [Function],
        "requestNewGame": false,
        "retro": [Function],
        "right": [Function],
        "rotate": [Function],
        "rotateL": [Function],
        "rotateR": [Function],
        "score": 0,
        "sendMap": [Function],
        "setMoose": [Function],
        "setRequestNewGame": [Function],
        "setVisitor": [Function],
        "shadow": null,
        "sheets": Array [],
        "space": [Function],
        "srs": Array [
          Array [
            0,
            1,
          ],
          Array [
            -1,
            0,
          ],
        ],
        "startGame": [Function],
        "time": 1000,
        "timing": 1000,
        "updateRoomFunction": [Function],
        "uuid": "2f119f59-673e-48f4-be4d-fe8e69068bda",
        "verifLine": [Function],
        "visitor": false,
        "wash": [Function],
        "willBePosed": [Function],
      },
    ]
  }
  player={
    Player {
      "action": Object {
        " ": [Function],
        "ArrowDown": [Function],
        "ArrowLeft": [Function],
        "ArrowRight": [Function],
        "ArrowUp": [Function],
      },
      "addSheet": [Function],
      "addSheetFunc": [Function],
      "admin": true,
      "block": null,
      "blockCPY": [Function],
      "canPose": [Function],
      "cantPose": false,
      "changePlaying": [Function],
      "copyBlock": [Function],
      "createIntervalGame": [Function],
      "currentMapGame": Array [
        Array [
          0,
          0,
          0,
          0,
          0,
          0,
          0,
          0,
          0,
          0,
        ],
        Array [
          0,
          0,
          0,
          0,
          0,
          0,
          0,
          0,
          0,
          0,
        ],
        Array [
          0,
          0,
          0,
          0,
          0,
          0,
          0,
          0,
          0,
          0,
        ],
        Array [
          0,
          0,
          0,
          0,
          0,
          0,
          0,
          0,
          0,
          0,
        ],
        Array [
          0,
          0,
          0,
          0,
          0,
          0,
          0,
          0,
          0,
          0,
        ],
        Array [
          0,
          0,
          0,
          0,
          0,
          0,
          0,
          0,
          0,
          0,
        ],
        Array [
          0,
          0,
          0,
          0,
          0,
          0,
          0,
          0,
          0,
          0,
        ],
        Array [
          0,
          0,
          0,
          0,
          0,
          0,
          0,
          0,
          0,
          0,
        ],
        Array [
          0,
          0,
          0,
          0,
          0,
          0,
          0,
          0,
          0,
          0,
        ],
        Array [
          0,
          0,
          0,
          0,
          0,
          0,
          0,
          0,
          0,
          0,
        ],
        Array [
          0,
          0,
          0,
          0,
          0,
          0,
          0,
          0,
          0,
          0,
        ],
        Array [
          0,
          0,
          0,
          0,
          0,
          0,
          0,
          0,
          0,
          0,
        ],
        Array [
          0,
          0,
          0,
          0,
          0,
          0,
          0,
          0,
          0,
          0,
        ],
        Array [
          0,
          0,
          0,
          0,
          0,
          0,
          0,
          0,
          0,
          0,
        ],
        Array [
          0,
          0,
          0,
          0,
          0,
          0,
          0,
          0,
          0,
          0,
        ],
        Array [
          0,
          0,
          0,
          0,
          0,
          0,
          0,
          0,
          0,
          0,
        ],
        Array [
          0,
          0,
          0,
          0,
          0,
          0,
          0,
          0,
          0,
          0,
        ],
        Array [
          0,
          0,
          0,
          0,
          0,
          0,
          0,
          0,
          0,
          0,
        ],
        Array [
          0,
          0,
          0,
          0,
          0,
          0,
          0,
          0,
          0,
          0,
        ],
        Array [
          0,
          0,
          0,
          0,
          0,
          0,
          0,
          0,
          0,
          0,
        ],
      ],
      "destroyFunc": [Function],
      "destroyLine": [Function],
      "down": [Function],
      "draw": [Function],
      "end": false,
      "fallen": [Function],
      "indestructible": 0,
      "initActionObject": [Function],
      "initGame": [Function],
      "interval": 1000,
      "isPlaying": false,
      "left": [Function],
      "lock": true,
      "lrs": Array [
        Array [
          0,
          -1,
        ],
        Array [
          1,
          0,
        ],
      ],
      "makeShadow": [Function],
      "move": [Function],
      "name": "owalid1",
      "nextMapGame": Array [
        Array [
          0,
          0,
          0,
          0,
          0,
          0,
          0,
          0,
          0,
          0,
        ],
        Array [
          0,
          0,
          0,
          0,
          0,
          0,
          0,
          0,
          0,
          0,
        ],
        Array [
          0,
          0,
          0,
          0,
          0,
          0,
          0,
          0,
          0,
          0,
        ],
        Array [
          0,
          0,
          0,
          0,
          0,
          0,
          0,
          0,
          0,
          0,
        ],
        Array [
          0,
          0,
          0,
          0,
          0,
          0,
          0,
          0,
          0,
          0,
        ],
        Array [
          0,
          0,
          0,
          0,
          0,
          0,
          0,
          0,
          0,
          0,
        ],
        Array [
          0,
          0,
          0,
          0,
          0,
          0,
          0,
          0,
          0,
          0,
        ],
        Array [
          0,
          0,
          0,
          0,
          0,
          0,
          0,
          0,
          0,
          0,
        ],
        Array [
          0,
          0,
          0,
          0,
          0,
          0,
          0,
          0,
          0,
          0,
        ],
        Array [
          0,
          0,
          0,
          0,
          0,
          0,
          0,
          0,
          0,
          0,
        ],
        Array [
          0,
          0,
          0,
          0,
          0,
          0,
          0,
          0,
          0,
          0,
        ],
        Array [
          0,
          0,
          0,
          0,
          0,
          0,
          0,
          0,
          0,
          0,
        ],
        Array [
          0,
          0,
          0,
          0,
          0,
          0,
          0,
          0,
          0,
          0,
        ],
        Array [
          0,
          0,
          0,
          0,
          0,
          0,
          0,
          0,
          0,
          0,
        ],
        Array [
          0,
          0,
          0,
          0,
          0,
          0,
          0,
          0,
          0,
          0,
        ],
        Array [
          0,
          0,
          0,
          0,
          0,
          0,
          0,
          0,
          0,
          0,
        ],
        Array [
          0,
          0,
          0,
          0,
          0,
          0,
          0,
          0,
          0,
          0,
        ],
        Array [
          0,
          0,
          0,
          0,
          0,
          0,
          0,
          0,
          0,
          0,
        ],
        Array [
          0,
          0,
          0,
          0,
          0,
          0,
          0,
          0,
          0,
          0,
        ],
        Array [
          0,
          0,
          0,
          0,
          0,
          0,
          0,
          0,
          0,
          0,
        ],
      ],
      "pushSheet": [Function],
      "requestNewGame": false,
      "retro": [Function],
      "right": [Function],
      "rotate": [Function],
      "rotateL": [Function],
      "rotateR": [Function],
      "score": 0,
      "sendMap": [Function],
      "setMoose": [Function],
      "setRequestNewGame": [Function],
      "setVisitor": [Function],
      "shadow": null,
      "sheets": Array [],
      "space": [Function],
      "srs": Array [
        Array [
          0,
          1,
        ],
        Array [
          -1,
          0,
        ],
      ],
      "startGame": [Function],
      "time": 1000,
      "timing": 1000,
      "updateRoomFunction": [Function],
      "uuid": "08ec118f-919f-4a43-a801-d37e58cabaa9",
      "verifLine": [Function],
      "visitor": false,
      "wash": [Function],
      "willBePosed": [Function],
    }
  }
  uuidRoom="83b9c7a4-158d-45e7-8960-8fa3951f9d19"
/>
`;
